[
  "droonga.message",
  0,
  {
    "inReplyTo": null,
    "statusCode": 400,
    "type": "add.result",
    "body": {
      "name": "InvalidValue",
      "message": "The column \"age\" cannot store the value \"secret\".",
      "detail": {
        "table": "User",
        "key": "key",
        "values": {
          "age": "secret"
        }
      }
    }
  }
]
