{
  "inReplyTo": "request-id",
  "statusCode": 200,
  "type": "search.result",
  "body": {
    "result": {
      "count": 9,
      "records": [
        [
          "1.3"
        ],
        [
          "1.4"
        ],
        [
          "1.5"
        ],
        [
          "1.6"
        ]
      ]
    }
  }
}
