{
  "inReplyTo": "request-id",
  "statusCode": 200,
  "type": "search.result",
  "body": {
    "result": {
      "count": 9,
      "attributes": [
        {
          "name": "section-id",
          "type": "ShortText",
          "vector": false
        }
      ],
      "records": [
        {
          "section-id": "1.1"
        },
        {
          "section-id": "1.2"
        },
        {
          "section-id": "1.3"
        }
      ]
    }
  }
}
