{
  "inReplyTo": "request-id",
  "statusCode": 200,
  "type": "select.result",
  "body": [
    [
      0,
      0.0,
      0.0
    ],
    [
      [
        [
          0
        ],
        [
          [
            "_id",
            "UInt32"
          ],
          [
            "_key",
            "ShortText"
          ],
          [
            "age",
            "Int32"
          ],
          [
            "birthday",
            "Time"
          ],
          [
            "email",
            "ShortText"
          ],
          [
            "name",
            "ShortText"
          ]
        ]
      ]
    ]
  ]
}
