{
  "inReplyTo": "request-id",
  "statusCode": 200,
  "type": "search.result",
  "body": {
    "Groonga": {
      "count": 4,
      "attributes": [
        {
          "name": "title",
          "type": "ShortText",
          "vector": false
        }
      ],
      "records": [
        [
          "Groonga overview"
        ],
        [
          "Groonga library"
        ],
        [
          "Groonga server"
        ],
        [
          "Groonga storage engine"
        ]
      ]
    },
    "keys": {
      "count": 4,
      "attributes": [
        {
          "name": "_key",
          "type": "ShortText",
          "vector": false
        }
      ],
      "records": [
        [
          "1.9"
        ],
        [
          "1.8"
        ],
        [
          "1.7"
        ],
        [
          "1.1"
        ]
      ]
    }
  }
}
