{
  "inReplyTo": "request-id",
  "statusCode": 200,
  "type": "search.result",
  "body": {
    "keys": {
      "count": 9,
      "attributes": [
        {
          "name": "_key",
          "type": "ShortText",
          "vector": false
        }
      ],
      "records": [
        [
          "1.1"
        ],
        [
          "1.2"
        ],
        [
          "1.3"
        ]
      ]
    },
    "titles": {
      "count": 9,
      "attributes": [
        {
          "name": "title",
          "type": "ShortText",
          "vector": false
        }
      ],
      "records": [
        [
          "Groonga storage engine"
        ],
        [
          "Groonga server"
        ],
        [
          "Groonga library"
        ]
      ]
    }
  }
}
