{
  "inReplyTo": "request-id",
  "statusCode": 400,
  "type": "search.result",
  "body": {
    "name": "InvalidAttribute",
    "message": "Invalid attribute: <,>",
    "detail": {
      "attribute": ","
    }
  },
  "errors": {
    "sources0": {
      "statusCode": 400,
      "body": {
        "name": "InvalidAttribute",
        "message": "Invalid attribute: <,>",
        "detail": {
          "attribute": ","
        }
      }
    },
    "sources1": {
      "statusCode": 400,
      "body": {
        "name": "InvalidAttribute",
        "message": "Invalid attribute: <,>",
        "detail": {
          "attribute": ","
        }
      }
    }
  }
}
