{
  "inReplyTo": "request-id",
  "statusCode": 200,
  "type": "search.result",
  "body": {
    "memos": {
      "attributes": [
        {
          "name": "content",
          "type": "Text",
          "vector": false
        },
        {
          "name": "created_at",
          "type": "Time",
          "vector": false
        }
      ],
      "records": [
        [
          "I started Droonga. It is very fun!",
          "2014-05-27T08:45:25.000000Z"
        ]
      ]
    }
  }
}
