{
  "inReplyTo": "request-id",
  "statusCode": 400,
  "type": "add.result",
  "body": {
    "name": "InvalidValue",
    "message": "The column \"age\" cannot store the value \"secret\": invalid argument: <User.age>: failed to cast to <Int32>: <\"secret\">: #<Groonga::FixSizeColumn ...>",
    "detail": {
      "table": "User",
      "key": "key",
      "values": {
        "age": "secret"
      }
    }
  },
  "errors": {
    "sources0": {
      "statusCode": 400,
      "body": {
        "name": "InvalidValue",
        "message": "The column \"age\" cannot store the value \"secret\": invalid argument: <User.age>: failed to cast to <Int32>: <\"secret\">: #<Groonga::FixSizeColumn ...>",
        "detail": {
          "table": "User",
          "key": "key",
          "values": {
            "age": "secret"
          }
        }
      }
    },
    "sources1": {
      "statusCode": 400,
      "body": {
        "name": "InvalidValue",
        "message": "The column \"age\" cannot store the value \"secret\": invalid argument: <User.age>: failed to cast to <Int32>: <\"secret\">: #<Groonga::FixSizeColumn ...>",
        "detail": {
          "table": "User",
          "key": "key",
          "values": {
            "age": "secret"
          }
        }
      }
    }
  }
}
