[
  "droonga.message",
  0,
  {
    "inReplyTo": "request-id",
    "statusCode": 400,
    "type": "add.result",
    "body": {
      "name": "InvalidValue",
      "message": "The column \"birthday\" cannot store the value \"today\".",
      "detail": {
        "table": "User",
        "key": "key",
        "values": {
          "birthday": "today"
        }
      }
    }
  }
]
