{
  "inReplyTo": "request-id",
  "statusCode": 400,
  "type": "add.result",
  "body": {
    "name": "MissingTableParameter",
    "message": "\"table\" must be specified."
  },
  "errors": {
    "sources0": {
      "statusCode": 400,
      "body": {
        "name": "MissingTableParameter",
        "message": "\"table\" must be specified."
      }
    },
    "sources1": {
      "statusCode": 400,
      "body": {
        "name": "MissingTableParameter",
        "message": "\"table\" must be specified."
      }
    }
  }
}
