[
  "droonga.message",
  0,
  {
    "inReplyTo": null,
    "statusCode": 400,
    "type": "search.result",
    "body": {
      "name": "CircularReferenceSource",
      "message": "There is circular reference of queries.",
      "detail": {
        "a": {
          "source": "b"
        },
        "b": {
          "source": "a"
        }
      }
    }
  }
]
