[
  "droonga.message",
  0,
  {
    "inReplyTo": null,
    "statusCode": 400,
    "type": "search.result",
    "body": {
      "name": "RecursiveSource",
      "message": "There is recursion of sources.",
      "detail": {
        "recursive-source": {
          "source": "recursive-source"
        }
      }
    }
  }
]
