[
  "droonga.message",
  0,
  {
    "inReplyTo": "request-id",
    "statusCode": 404,
    "type": "search.result",
    "body": {
      "name": "UnknownSource",
      "message": "The source \"unknown\" does not exist. It must be a name of an existing table or another query.",
      "detail": {
        "unknown-source": {
          "source": "unknown"
        }
      }
    }
  }
]
